🔥 slowbuild 灵感全聚合 - 2026-07-05 08:00
==================================================
[站点] 存活检查...
[国内] 百度...
[国内] 微博...
[国内] 知乎...
[国内] B站...
[国内] V2EX...
[海外] ProductHunt...
[海外] Reddit...
[海外] HN...
[海外] Dev.to...
✅ 完成 | 百度12 微博12 知乎0 B站0 V2EX0 | PH0 Reddit0 HN3 Dev10
🔥 slowbuild 灵感全聚合 - 2026-07-06 08:00
==================================================
[站点] 存活检查...
[国内] 百度...
[国内] 微博...
[国内] 知乎...
[国内] B站...
[国内] V2EX...
[海外] ProductHunt...
[海外] Reddit...
[海外] HN...
[海外] Dev.to...
✅ 完成 | 百度12 微博12 知乎12 B站12 V2EX0 | PH10 Reddit0 HN10 Dev10
🔥 slowbuild 灵感全聚合 - 2026-07-07 08:00
==================================================
[站点] 存活检查...
[国内] 百度...
[国内] 微博...
[国内] 知乎...
[国内] B站...
[国内] V2EX...
[海外] ProductHunt...
[海外] Reddit...
[海外] HN...
[海外] Dev.to...
✅ 完成 | 百度12 微博12 知乎12 B站12 V2EX0 | PH10 Reddit0 HN10 Dev10
🔥 slowbuild 灵感全聚合 - 2026-07-08 08:00
==================================================
[站点] 存活检查...
[国内] 百度...
[国内] 微博...
[国内] 知乎...
[国内] B站...
[国内] V2EX...
[海外] ProductHunt...
[海外] Reddit...
[海外] HN...
[海外] Dev.to...
✅ 完成 | 百度12 微博12 知乎12 B站12 V2EX0 | PH10 Reddit0 HN10 Dev10
🔥 slowbuild 灵感全聚合 - 2026-07-09 08:00
==================================================
[站点] 存活检查...
[国内] 百度...
[国内] 微博...
[国内] 知乎...
[国内] B站...
[国内] V2EX...
[海外] ProductHunt...
[海外] Reddit...
[海外] HN...
[海外] Dev.to...
✅ 完成 | 百度12 微博12 知乎12 B站12 V2EX0 | PH10 Reddit0 HN10 Dev10
🔥 slowbuild 灵感全聚合 - 2026-07-10 08:00
==================================================
[站点] 存活检查...
[国内] 百度...
[国内] 微博...
[国内] 知乎...
[国内] B站...
[国内] V2EX...
[海外] ProductHunt...
[海外] Reddit...
[海外] HN...
[海外] Dev.to...
✅ 完成 | 百度12 微博12 知乎12 B站12 V2EX0 | PH10 Reddit0 HN10 Dev10
🔥 slowbuild 灵感全聚合 - 2026-07-11 08:00
==================================================
[站点] 存活检查...
[国内] 百度...
[国内] 微博...
[国内] 知乎...
[国内] B站...
[国内] V2EX...
[海外] ProductHunt...
[海外] Reddit...
[海外] HN...
[海外] Dev.to...
✅ 完成 | 百度12 微博12 知乎12 B站12 V2EX0 | PH10 Reddit0 HN10 Dev10
🔥 slowbuild 灵感全聚合 - 2026-07-12 08:00
==================================================
[站点] 存活检查...
[国内] 百度...
[国内] 微博...
[国内] 知乎...
[国内] B站...
[国内] V2EX...
[海外] ProductHunt...
[海外] Reddit...
[海外] HN...
[海外] Dev.to...
✅ 完成 | 百度12 微博12 知乎12 B站12 V2EX0 | PH10 Reddit0 HN10 Dev10
🔥 slowbuild 灵感全聚合 - 2026-07-13 08:00
==================================================
[站点] 存活检查...
[国内] 百度...
[国内] 微博...
[国内] 知乎...
[国内] B站...
[国内] V2EX...
[海外] ProductHunt...
[海外] Reddit...
[海外] HN...
[海外] Dev.to...
✅ 完成 | 百度12 微博12 知乎12 B站12 V2EX0 | PH10 Reddit0 HN10 Dev10
🔥 slowbuild 灵感全聚合 - 2026-07-14 08:00
==================================================
[站点] 存活检查...
[国内] 百度...
[国内] 微博...
[国内] 知乎...
[国内] B站...
[国内] V2EX...
[海外] ProductHunt...
[海外] Reddit...
[海外] HN...
[海外] Dev.to...
✅ 完成 | 百度12 微博12 知乎12 B站12 V2EX0 | PH10 Reddit0 HN10 Dev10
🔥 slowbuild 灵感全聚合 - 2026-07-15 08:00
==================================================
[站点] 存活检查...
[国内] 百度...
[国内] 微博...
[国内] 知乎...
[国内] B站...
[国内] V2EX...
[海外] ProductHunt...
[海外] Reddit...
[海外] HN...
[海外] Dev.to...
✅ 完成 | 百度12 微博12 知乎12 B站12 V2EX0 | PH10 Reddit0 HN10 Dev10
🔥 slowbuild 灵感全聚合 - 2026-07-16 08:00
==================================================
[站点] 存活检查...
[国内] 百度...
[国内] 微博...
[国内] 知乎...
[国内] B站...
[国内] V2EX...
[海外] ProductHunt...
[海外] Reddit...
[海外] HN...
[海外] Dev.to...
✅ 完成 | 百度12 微博12 知乎12 B站12 V2EX0 | PH10 Reddit0 HN10 Dev10
🔥 slowbuild 灵感全聚合 - 2026-07-17 08:00
==================================================
[站点] 存活检查...
[国内] 百度...
[国内] 微博...
[国内] 知乎...
[国内] B站...
[国内] V2EX...
[海外] ProductHunt...
[海外] Reddit...
[海外] HN...
[海外] Dev.to...
✅ 完成 | 百度12 微博12 知乎12 B站12 V2EX0 | PH10 Reddit0 HN10 Dev10
🔥 slowbuild 灵感全聚合 - 2026-07-18 08:00
==================================================
[站点] 存活检查...
[国内] 百度...
[国内] 微博...
[国内] 知乎...
[国内] B站...
[国内] V2EX...
[海外] ProductHunt...
[海外] Reddit...
[海外] HN...
[海外] Dev.to...
✅ 完成 | 百度12 微博12 知乎12 B站12 V2EX0 | PH10 Reddit0 HN10 Dev10
🔥 slowbuild 灵感全聚合 - 2026-07-19 08:00
==================================================
[站点] 存活检查...
[国内] 百度...
[国内] 微博...
[国内] 知乎...
[国内] B站...
[国内] V2EX...
[海外] ProductHunt...
[海外] Reddit...
[海外] HN...
[海外] Dev.to...
✅ 完成 | 百度12 微博12 知乎12 B站12 V2EX0 | PH10 Reddit0 HN10 Dev10
🔥 slowbuild 灵感全聚合 - 2026-07-20 08:00
==================================================
[站点] 存活检查...
[国内] 百度...
[国内] 微博...
[国内] 知乎...
[国内] B站...
[国内] V2EX...
[海外] ProductHunt...
[海外] Reddit...
[海外] HN...
[海外] Dev.to...
✅ 完成 | 百度12 微博12 知乎12 B站12 V2EX0 | PH10 Reddit0 HN10 Dev10
